 pq_flag iloop mn_csurv_shit  mn_csurv      mn_Xshit      mn_tot_mort  Obs_catch       Pred_catch
 pq_flag iloop mn_csurv_shit  mn_csurv      mn_Xshit      mn_tot_mort  Obs_catch       Pred_catch
 pq_flag iloop mn_csurv_shit  mn_csurv      mn_Xshit      mn_tot_mort  Obs_catch       Pred_catch
 pq_flag iloop mn_csurv_shit  mn_csurv      mn_Xshit      mn_tot_mort  Obs_catch       Pred_catch
 pq_flag iloop mn_csurv_shit  mn_csurv      mn_Xshit      mn_tot_mort  Obs_catch       Pred_catch
 pq_flag iloop mn_csurv_shit  mn_csurv      mn_Xshit      mn_tot_mort  Obs_catch       Pred_catch
 pq_flag iloop mn_csurv_shit  mn_csurv      mn_Xshit      mn_tot_mort  Obs_catch       Pred_catch
 pq_flag iloop mn_csurv_shit  mn_csurv      mn_Xshit      mn_tot_mort  Obs_catch       Pred_catch
 pq_flag iloop mn_csurv_shit  mn_csurv      mn_Xshit      mn_tot_mort  Obs_catch       Pred_catch
 pq_flag iloop mn_csurv_shit  mn_csurv      mn_Xshit      mn_tot_mort  Obs_catch       Pred_catch
 pq_flag iloop mn_csurv_shit  mn_csurv      mn_Xshit      mn_tot_mort  Obs_catch       Pred_catch
 pq_flag iloop mn_csurv_shit  mn_csurv      mn_Xshit      mn_tot_mort  Obs_catch       Pred_catch
 pq_flag iloop mn_csurv_shit  mn_csurv      mn_Xshit      mn_tot_mort  Obs_catch       Pred_catch
 pq_flag iloop mn_csurv_shit  mn_csurv      mn_Xshit      mn_tot_mort  Obs_catch       Pred_catch
 pq_flag iloop mn_csurv_shit  mn_csurv      mn_Xshit      mn_tot_mort  Obs_catch       Pred_catch
 pq_flag iloop mn_csurv_shit  mn_csurv      mn_Xshit      mn_tot_mort  Obs_catch       Pred_catch
 pq_flag iloop mn_csurv_shit  mn_csurv      mn_Xshit      mn_tot_mort  Obs_catch       Pred_catch
 pq_flag iloop mn_csurv_shit  mn_csurv      mn_Xshit      mn_tot_mort  Obs_catch       Pred_catch
 pq_flag iloop mn_csurv_shit  mn_csurv      mn_Xshit      mn_tot_mort  Obs_catch       Pred_catch
 pq_flag iloop mn_csurv_shit  mn_csurv      mn_Xshit      mn_tot_mort  Obs_catch       Pred_catch
 pq_flag iloop mn_csurv_shit  mn_csurv      mn_Xshit      mn_tot_mort  Obs_catch       Pred_catch
 pq_flag iloop mn_csurv_shit  mn_csurv      mn_Xshit      mn_tot_mort  Obs_catch       Pred_catch
 pq_flag iloop mn_csurv_shit  mn_csurv      mn_Xshit      mn_tot_mort  Obs_catch       Pred_catch
 pq_flag iloop mn_csurv_shit  mn_csurv      mn_Xshit      mn_tot_mort  Obs_catch       Pred_catch
 pq_flag iloop mn_csurv_shit  mn_csurv      mn_Xshit      mn_tot_mort  Obs_catch       Pred_catch
 pq_flag iloop mn_csurv_shit  mn_csurv      mn_Xshit      mn_tot_mort  Obs_catch       Pred_catch
 pq_flag iloop mn_csurv_shit  mn_csurv      mn_Xshit      mn_tot_mort  Obs_catch       Pred_catch
 pq_flag iloop mn_csurv_shit  mn_csurv      mn_Xshit      mn_tot_mort  Obs_catch       Pred_catch
 pq_flag iloop mn_csurv_shit  mn_csurv      mn_Xshit      mn_tot_mort  Obs_catch       Pred_catch
 pq_flag iloop mn_csurv_shit  mn_csurv      mn_Xshit      mn_tot_mort  Obs_catch       Pred_catch
 pq_flag iloop mn_csurv_shit  mn_csurv      mn_Xshit      mn_tot_mort  Obs_catch       Pred_catch
 pq_flag iloop mn_csurv_shit  mn_csurv      mn_Xshit      mn_tot_mort  Obs_catch       Pred_catch
 pq_flag iloop mn_csurv_shit  mn_csurv      mn_Xshit      mn_tot_mort  Obs_catch       Pred_catch
 pq_flag iloop mn_csurv_shit  mn_csurv      mn_Xshit      mn_tot_mort  Obs_catch       Pred_catch
 pq_flag iloop mn_csurv_shit  mn_csurv      mn_Xshit      mn_tot_mort  Obs_catch       Pred_catch
 pq_flag iloop mn_csurv_shit  mn_csurv      mn_Xshit      mn_tot_mort  Obs_catch       Pred_catch
 pq_flag iloop mn_csurv_shit  mn_csurv      mn_Xshit      mn_tot_mort  Obs_catch       Pred_catch
 pq_flag iloop mn_csurv_shit  mn_csurv      mn_Xshit      mn_tot_mort  Obs_catch       Pred_catch
 pq_flag iloop mn_csurv_shit  mn_csurv      mn_Xshit      mn_tot_mort  Obs_catch       Pred_catch
 pq_flag iloop mn_csurv_shit  mn_csurv      mn_Xshit      mn_tot_mort  Obs_catch       Pred_catch
 pq_flag iloop mn_csurv_shit  mn_csurv      mn_Xshit      mn_tot_mort  Obs_catch       Pred_catch
 pq_flag iloop mn_csurv_shit  mn_csurv      mn_Xshit      mn_tot_mort  Obs_catch       Pred_catch
 pq_flag iloop mn_csurv_shit  mn_csurv      mn_Xshit      mn_tot_mort  Obs_catch       Pred_catch
 pq_flag iloop mn_csurv_shit  mn_csurv      mn_Xshit      mn_tot_mort  Obs_catch       Pred_catch
 pq_flag iloop mn_csurv_shit  mn_csurv      mn_Xshit      mn_tot_mort  Obs_catch       Pred_catch
 pq_flag iloop mn_csurv_shit  mn_csurv      mn_Xshit      mn_tot_mort  Obs_catch       Pred_catch
 pq_flag iloop mn_csurv_shit  mn_csurv      mn_Xshit      mn_tot_mort  Obs_catch       Pred_catch
 pq_flag iloop mn_csurv_shit  mn_csurv      mn_Xshit      mn_tot_mort  Obs_catch       Pred_catch
